// Jest Snapshot v1, https://goo.gl/fbAQLP

exports[`Spritesheet renders children when passed in 1`] = `
ShallowWrapper {
  Symbol(enzyme.__root__): [Circular],
  Symbol(enzyme.__unrendered__): <Spritesheet
    data={
      Object {
        "frames": Object {
          "RasheeDWalk30000": Object {
            "frame": Object {
              "h": 316,
              "w": 195,
              "x": 0,
              "y": 0,
            },
            "rotated": false,
            "sourceSize": Object {
              "h": 316,
              "w": 195,
            },
            "spriteSourceSize": Object {
              "h": 316,
              "w": 195,
              "x": 0,
              "y": 0,
            },
            "trimmed": false,
          },
          "RasheeDWalk30001": Object {
            "frame": Object {
              "h": 316,
              "w": 195,
              "x": 195,
              "y": 0,
            },
            "rotated": false,
            "sourceSize": Object {
              "h": 316,
              "w": 195,
            },
            "spriteSourceSize": Object {
              "h": 316,
              "w": 195,
              "x": 0,
              "y": 0,
            },
            "trimmed": false,
          },
          "RasheeDWalk30002": Object {
            "frame": Object {
              "h": 316,
              "w": 195,
              "x": 390,
              "y": 0,
            },
            "rotated": false,
            "sourceSize": Object {
              "h": 316,
              "w": 195,
            },
            "spriteSourceSize": Object {
              "h": 316,
              "w": 195,
              "x": 0,
              "y": 0,
            },
            "trimmed": false,
          },
          "RasheeDWalk30003": Object {
            "frame": Object {
              "h": 316,
              "w": 195,
              "x": 585,
              "y": 0,
            },
            "rotated": false,
            "sourceSize": Object {
              "h": 316,
              "w": 195,
            },
            "spriteSourceSize": Object {
              "h": 316,
              "w": 195,
              "x": 0,
              "y": 0,
            },
            "trimmed": false,
          },
          "RasheeDWalk30004": Object {
            "frame": Object {
              "h": 316,
              "w": 195,
              "x": 780,
              "y": 0,
            },
            "rotated": false,
            "sourceSize": Object {
              "h": 316,
              "w": 195,
            },
            "spriteSourceSize": Object {
              "h": 316,
              "w": 195,
              "x": 0,
              "y": 0,
            },
            "trimmed": false,
          },
          "RasheeDWalk30005": Object {
            "frame": Object {
              "h": 316,
              "w": 195,
              "x": 975,
              "y": 0,
            },
            "rotated": false,
            "sourceSize": Object {
              "h": 316,
              "w": 195,
            },
            "spriteSourceSize": Object {
              "h": 316,
              "w": 195,
              "x": 0,
              "y": 0,
            },
            "trimmed": false,
          },
          "RasheeDWalk30006": Object {
            "frame": Object {
              "h": 316,
              "w": 195,
              "x": 1170,
              "y": 0,
            },
            "rotated": false,
            "sourceSize": Object {
              "h": 316,
              "w": 195,
            },
            "spriteSourceSize": Object {
              "h": 316,
              "w": 195,
              "x": 0,
              "y": 0,
            },
            "trimmed": false,
          },
          "RasheeDWalk30007": Object {
            "frame": Object {
              "h": 316,
              "w": 195,
              "x": 1365,
              "y": 0,
            },
            "rotated": false,
            "sourceSize": Object {
              "h": 316,
              "w": 195,
            },
            "spriteSourceSize": Object {
              "h": 316,
              "w": 195,
              "x": 0,
              "y": 0,
            },
            "trimmed": false,
          },
          "RasheeDWalk30008": Object {
            "frame": Object {
              "h": 316,
              "w": 195,
              "x": 1560,
              "y": 0,
            },
            "rotated": false,
            "sourceSize": Object {
              "h": 316,
              "w": 195,
            },
            "spriteSourceSize": Object {
              "h": 316,
              "w": 195,
              "x": 0,
              "y": 0,
            },
            "trimmed": false,
          },
          "RasheeDWalk30009": Object {
            "frame": Object {
              "h": 316,
              "w": 195,
              "x": 1755,
              "y": 0,
            },
            "rotated": false,
            "sourceSize": Object {
              "h": 316,
              "w": 195,
            },
            "spriteSourceSize": Object {
              "h": 316,
              "w": 195,
              "x": 0,
              "y": 0,
            },
            "trimmed": false,
          },
          "RasheeDWalk30010": Object {
            "frame": Object {
              "h": 316,
              "w": 195,
              "x": 0,
              "y": 316,
            },
            "rotated": false,
            "sourceSize": Object {
              "h": 316,
              "w": 195,
            },
            "spriteSourceSize": Object {
              "h": 316,
              "w": 195,
              "x": 0,
              "y": 0,
            },
            "trimmed": false,
          },
          "RasheeDWalk30011": Object {
            "frame": Object {
              "h": 316,
              "w": 195,
              "x": 195,
              "y": 316,
            },
            "rotated": false,
            "sourceSize": Object {
              "h": 316,
              "w": 195,
            },
            "spriteSourceSize": Object {
              "h": 316,
              "w": 195,
              "x": 0,
              "y": 0,
            },
            "trimmed": false,
          },
          "RasheeDWalk30012": Object {
            "frame": Object {
              "h": 316,
              "w": 195,
              "x": 390,
              "y": 316,
            },
            "rotated": false,
            "sourceSize": Object {
              "h": 316,
              "w": 195,
            },
            "spriteSourceSize": Object {
              "h": 316,
              "w": 195,
              "x": 0,
              "y": 0,
            },
            "trimmed": false,
          },
          "RasheeDWalk30013": Object {
            "frame": Object {
              "h": 316,
              "w": 195,
              "x": 585,
              "y": 316,
            },
            "rotated": false,
            "sourceSize": Object {
              "h": 316,
              "w": 195,
            },
            "spriteSourceSize": Object {
              "h": 316,
              "w": 195,
              "x": 0,
              "y": 0,
            },
            "trimmed": false,
          },
          "RasheeDWalk30014": Object {
            "frame": Object {
              "h": 316,
              "w": 195,
              "x": 780,
              "y": 316,
            },
            "rotated": false,
            "sourceSize": Object {
              "h": 316,
              "w": 195,
            },
            "spriteSourceSize": Object {
              "h": 316,
              "w": 195,
              "x": 0,
              "y": 0,
            },
            "trimmed": false,
          },
          "RasheeDWalk30015": Object {
            "frame": Object {
              "h": 316,
              "w": 195,
              "x": 975,
              "y": 316,
            },
            "rotated": false,
            "sourceSize": Object {
              "h": 316,
              "w": 195,
            },
            "spriteSourceSize": Object {
              "h": 316,
              "w": 195,
              "x": 0,
              "y": 0,
            },
            "trimmed": false,
          },
          "RasheeDWalk30016": Object {
            "frame": Object {
              "h": 316,
              "w": 195,
              "x": 1170,
              "y": 316,
            },
            "rotated": false,
            "sourceSize": Object {
              "h": 316,
              "w": 195,
            },
            "spriteSourceSize": Object {
              "h": 316,
              "w": 195,
              "x": 0,
              "y": 0,
            },
            "trimmed": false,
          },
          "RasheeDWalk30017": Object {
            "frame": Object {
              "h": 316,
              "w": 195,
              "x": 1365,
              "y": 316,
            },
            "rotated": false,
            "sourceSize": Object {
              "h": 316,
              "w": 195,
            },
            "spriteSourceSize": Object {
              "h": 316,
              "w": 195,
              "x": 0,
              "y": 0,
            },
            "trimmed": false,
          },
          "RasheeDWalk30018": Object {
            "frame": Object {
              "h": 316,
              "w": 195,
              "x": 1560,
              "y": 316,
            },
            "rotated": false,
            "sourceSize": Object {
              "h": 316,
              "w": 195,
            },
            "spriteSourceSize": Object {
              "h": 316,
              "w": 195,
              "x": 0,
              "y": 0,
            },
            "trimmed": false,
          },
          "RasheeDWalk30019": Object {
            "frame": Object {
              "h": 316,
              "w": 195,
              "x": 1755,
              "y": 316,
            },
            "rotated": false,
            "sourceSize": Object {
              "h": 316,
              "w": 195,
            },
            "spriteSourceSize": Object {
              "h": 316,
              "w": 195,
              "x": 0,
              "y": 0,
            },
            "trimmed": false,
          },
          "RasheeDWalk30020": Object {
            "frame": Object {
              "h": 316,
              "w": 195,
              "x": 0,
              "y": 632,
            },
            "rotated": false,
            "sourceSize": Object {
              "h": 316,
              "w": 195,
            },
            "spriteSourceSize": Object {
              "h": 316,
              "w": 195,
              "x": 0,
              "y": 0,
            },
            "trimmed": false,
          },
          "RasheeDWalk30021": Object {
            "frame": Object {
              "h": 316,
              "w": 195,
              "x": 195,
              "y": 632,
            },
            "rotated": false,
            "sourceSize": Object {
              "h": 316,
              "w": 195,
            },
            "spriteSourceSize": Object {
              "h": 316,
              "w": 195,
              "x": 0,
              "y": 0,
            },
            "trimmed": false,
          },
          "RasheeDWalk30022": Object {
            "frame": Object {
              "h": 316,
              "w": 195,
              "x": 390,
              "y": 632,
            },
            "rotated": false,
            "sourceSize": Object {
              "h": 316,
              "w": 195,
            },
            "spriteSourceSize": Object {
              "h": 316,
              "w": 195,
              "x": 0,
              "y": 0,
            },
            "trimmed": false,
          },
          "RasheeDWalk30023": Object {
            "frame": Object {
              "h": 316,
              "w": 195,
              "x": 585,
              "y": 632,
            },
            "rotated": false,
            "sourceSize": Object {
              "h": 316,
              "w": 195,
            },
            "spriteSourceSize": Object {
              "h": 316,
              "w": 195,
              "x": 0,
              "y": 0,
            },
            "trimmed": false,
          },
          "RasheeDWalk30024": Object {
            "frame": Object {
              "h": 316,
              "w": 195,
              "x": 780,
              "y": 632,
            },
            "rotated": false,
            "sourceSize": Object {
              "h": 316,
              "w": 195,
            },
            "spriteSourceSize": Object {
              "h": 316,
              "w": 195,
              "x": 0,
              "y": 0,
            },
            "trimmed": false,
          },
          "RasheeDWalk30025": Object {
            "frame": Object {
              "h": 316,
              "w": 195,
              "x": 975,
              "y": 632,
            },
            "rotated": false,
            "sourceSize": Object {
              "h": 316,
              "w": 195,
            },
            "spriteSourceSize": Object {
              "h": 316,
              "w": 195,
              "x": 0,
              "y": 0,
            },
            "trimmed": false,
          },
          "RasheeDWalk30026": Object {
            "frame": Object {
              "h": 316,
              "w": 195,
              "x": 1170,
              "y": 632,
            },
            "rotated": false,
            "sourceSize": Object {
              "h": 316,
              "w": 195,
            },
            "spriteSourceSize": Object {
              "h": 316,
              "w": 195,
              "x": 0,
              "y": 0,
            },
            "trimmed": false,
          },
          "RasheeDWalk30027": Object {
            "frame": Object {
              "h": 316,
              "w": 195,
              "x": 1365,
              "y": 632,
            },
            "rotated": false,
            "sourceSize": Object {
              "h": 316,
              "w": 195,
            },
            "spriteSourceSize": Object {
              "h": 316,
              "w": 195,
              "x": 0,
              "y": 0,
            },
            "trimmed": false,
          },
          "RasheeDWalk30028": Object {
            "frame": Object {
              "h": 316,
              "w": 195,
              "x": 1560,
              "y": 632,
            },
            "rotated": false,
            "sourceSize": Object {
              "h": 316,
              "w": 195,
            },
            "spriteSourceSize": Object {
              "h": 316,
              "w": 195,
              "x": 0,
              "y": 0,
            },
            "trimmed": false,
          },
          "RasheeDWalk30029": Object {
            "frame": Object {
              "h": 316,
              "w": 195,
              "x": 1755,
              "y": 632,
            },
            "rotated": false,
            "sourceSize": Object {
              "h": 316,
              "w": 195,
            },
            "spriteSourceSize": Object {
              "h": 316,
              "w": 195,
              "x": 0,
              "y": 0,
            },
            "trimmed": false,
          },
          "RasheeDWalk30030": Object {
            "frame": Object {
              "h": 316,
              "w": 195,
              "x": 0,
              "y": 948,
            },
            "rotated": false,
            "sourceSize": Object {
              "h": 316,
              "w": 195,
            },
            "spriteSourceSize": Object {
              "h": 316,
              "w": 195,
              "x": 0,
              "y": 0,
            },
            "trimmed": false,
          },
          "RasheeDWalk30031": Object {
            "frame": Object {
              "h": 316,
              "w": 195,
              "x": 195,
              "y": 948,
            },
            "rotated": false,
            "sourceSize": Object {
              "h": 316,
              "w": 195,
            },
            "spriteSourceSize": Object {
              "h": 316,
              "w": 195,
              "x": 0,
              "y": 0,
            },
            "trimmed": false,
          },
        },
        "meta": Object {
          "app": "Adobe Animate",
          "format": "RGBA8888",
          "image": "Save Rasheed_walk2.png",
          "scale": "1",
          "size": Object {
            "h": 2048,
            "w": 2048,
          },
          "version": "18.0.2.126",
        },
      }
    }
    src="sleepwalk.png"
  />,
  Symbol(enzyme.__renderer__): Object {
    "batchedUpdates": [Function],
    "getNode": [Function],
    "render": [Function],
    "simulateError": [Function],
    "simulateEvent": [Function],
    "unmount": [Function],
  },
  Symbol(enzyme.__node__): Object {
    "instance": null,
    "key": undefined,
    "nodeType": "class",
    "props": Object {
      "children": <Layer>
        <Sprite
          animation="idle"
          animations={
            Object {
              "idle": Array [
                0,
                0,
                195,
                316,
                195,
                0,
                195,
                316,
                390,
                0,
                195,
                316,
                585,
                0,
                195,
                316,
                780,
                0,
                195,
                316,
                975,
                0,
                195,
                316,
                1170,
                0,
                195,
                316,
                1365,
                0,
                195,
                316,
                1560,
                0,
                195,
                316,
                1755,
                0,
                195,
                316,
                0,
                316,
                195,
                316,
                195,
                316,
                195,
                316,
                390,
                316,
                195,
                316,
                585,
                316,
                195,
                316,
                780,
                316,
                195,
                316,
                975,
                316,
                195,
                316,
                1170,
                316,
                195,
                316,
                1365,
                316,
                195,
                316,
                1560,
                316,
                195,
                316,
                1755,
                316,
                195,
                316,
                0,
                632,
                195,
                316,
                195,
                632,
                195,
                316,
                390,
                632,
                195,
                316,
                585,
                632,
                195,
                316,
                780,
                632,
                195,
                316,
                975,
                632,
                195,
                316,
                1170,
                632,
                195,
                316,
                1365,
                632,
                195,
                316,
                1560,
                632,
                195,
                316,
                1755,
                632,
                195,
                316,
                0,
                948,
                195,
                316,
                195,
                948,
                195,
                316,
              ],
            }
          }
          frameRate={30}
          image={
            <img
              src="sleepwalk.png"
            />
          }
          x={0}
          y={0}
        />
      </Layer>,
      "height": 316,
      "scale": Object {
        "x": 1,
        "y": 1,
      },
      "width": 195,
    },
    "ref": null,
    "rendered": Object {
      "instance": null,
      "key": undefined,
      "nodeType": "host",
      "props": Object {
        "children": <Sprite
          animation="idle"
          animations={
            Object {
              "idle": Array [
                0,
                0,
                195,
                316,
                195,
                0,
                195,
                316,
                390,
                0,
                195,
                316,
                585,
                0,
                195,
                316,
                780,
                0,
                195,
                316,
                975,
                0,
                195,
                316,
                1170,
                0,
                195,
                316,
                1365,
                0,
                195,
                316,
                1560,
                0,
                195,
                316,
                1755,
                0,
                195,
                316,
                0,
                316,
                195,
                316,
                195,
                316,
                195,
                316,
                390,
                316,
                195,
                316,
                585,
                316,
                195,
                316,
                780,
                316,
                195,
                316,
                975,
                316,
                195,
                316,
                1170,
                316,
                195,
                316,
                1365,
                316,
                195,
                316,
                1560,
                316,
                195,
                316,
                1755,
                316,
                195,
                316,
                0,
                632,
                195,
                316,
                195,
                632,
                195,
                316,
                390,
                632,
                195,
                316,
                585,
                632,
                195,
                316,
                780,
                632,
                195,
                316,
                975,
                632,
                195,
                316,
                1170,
                632,
                195,
                316,
                1365,
                632,
                195,
                316,
                1560,
                632,
                195,
                316,
                1755,
                632,
                195,
                316,
                0,
                948,
                195,
                316,
                195,
                948,
                195,
                316,
              ],
            }
          }
          frameRate={30}
          image={
            <img
              src="sleepwalk.png"
            />
          }
          x={0}
          y={0}
        />,
      },
      "ref": null,
      "rendered": Object {
        "instance": null,
        "key": undefined,
        "nodeType": "host",
        "props": Object {
          "animation": "idle",
          "animations": Object {
            "idle": Array [
              0,
              0,
              195,
              316,
              195,
              0,
              195,
              316,
              390,
              0,
              195,
              316,
              585,
              0,
              195,
              316,
              780,
              0,
              195,
              316,
              975,
              0,
              195,
              316,
              1170,
              0,
              195,
              316,
              1365,
              0,
              195,
              316,
              1560,
              0,
              195,
              316,
              1755,
              0,
              195,
              316,
              0,
              316,
              195,
              316,
              195,
              316,
              195,
              316,
              390,
              316,
              195,
              316,
              585,
              316,
              195,
              316,
              780,
              316,
              195,
              316,
              975,
              316,
              195,
              316,
              1170,
              316,
              195,
              316,
              1365,
              316,
              195,
              316,
              1560,
              316,
              195,
              316,
              1755,
              316,
              195,
              316,
              0,
              632,
              195,
              316,
              195,
              632,
              195,
              316,
              390,
              632,
              195,
              316,
              585,
              632,
              195,
              316,
              780,
              632,
              195,
              316,
              975,
              632,
              195,
              316,
              1170,
              632,
              195,
              316,
              1365,
              632,
              195,
              316,
              1560,
              632,
              195,
              316,
              1755,
              632,
              195,
              316,
              0,
              948,
              195,
              316,
              195,
              948,
              195,
              316,
            ],
          },
          "frameRate": 30,
          "image": <img
            src="sleepwalk.png"
          />,
          "x": 0,
          "y": 0,
        },
        "ref": Object {
          "current": null,
        },
        "rendered": null,
        "type": "Sprite",
      },
      "type": "Layer",
    },
    "type": [Function],
  },
  Symbol(enzyme.__nodes__): Array [
    Object {
      "instance": null,
      "key": undefined,
      "nodeType": "class",
      "props": Object {
        "children": <Layer>
          <Sprite
            animation="idle"
            animations={
              Object {
                "idle": Array [
                  0,
                  0,
                  195,
                  316,
                  195,
                  0,
                  195,
                  316,
                  390,
                  0,
                  195,
                  316,
                  585,
                  0,
                  195,
                  316,
                  780,
                  0,
                  195,
                  316,
                  975,
                  0,
                  195,
                  316,
                  1170,
                  0,
                  195,
                  316,
                  1365,
                  0,
                  195,
                  316,
                  1560,
                  0,
                  195,
                  316,
                  1755,
                  0,
                  195,
                  316,
                  0,
                  316,
                  195,
                  316,
                  195,
                  316,
                  195,
                  316,
                  390,
                  316,
                  195,
                  316,
                  585,
                  316,
                  195,
                  316,
                  780,
                  316,
                  195,
                  316,
                  975,
                  316,
                  195,
                  316,
                  1170,
                  316,
                  195,
                  316,
                  1365,
                  316,
                  195,
                  316,
                  1560,
                  316,
                  195,
                  316,
                  1755,
                  316,
                  195,
                  316,
                  0,
                  632,
                  195,
                  316,
                  195,
                  632,
                  195,
                  316,
                  390,
                  632,
                  195,
                  316,
                  585,
                  632,
                  195,
                  316,
                  780,
                  632,
                  195,
                  316,
                  975,
                  632,
                  195,
                  316,
                  1170,
                  632,
                  195,
                  316,
                  1365,
                  632,
                  195,
                  316,
                  1560,
                  632,
                  195,
                  316,
                  1755,
                  632,
                  195,
                  316,
                  0,
                  948,
                  195,
                  316,
                  195,
                  948,
                  195,
                  316,
                ],
              }
            }
            frameRate={30}
            image={
              <img
                src="sleepwalk.png"
              />
            }
            x={0}
            y={0}
          />
        </Layer>,
        "height": 316,
        "scale": Object {
          "x": 1,
          "y": 1,
        },
        "width": 195,
      },
      "ref": null,
      "rendered": Object {
        "instance": null,
        "key": undefined,
        "nodeType": "host",
        "props": Object {
          "children": <Sprite
            animation="idle"
            animations={
              Object {
                "idle": Array [
                  0,
                  0,
                  195,
                  316,
                  195,
                  0,
                  195,
                  316,
                  390,
                  0,
                  195,
                  316,
                  585,
                  0,
                  195,
                  316,
                  780,
                  0,
                  195,
                  316,
                  975,
                  0,
                  195,
                  316,
                  1170,
                  0,
                  195,
                  316,
                  1365,
                  0,
                  195,
                  316,
                  1560,
                  0,
                  195,
                  316,
                  1755,
                  0,
                  195,
                  316,
                  0,
                  316,
                  195,
                  316,
                  195,
                  316,
                  195,
                  316,
                  390,
                  316,
                  195,
                  316,
                  585,
                  316,
                  195,
                  316,
                  780,
                  316,
                  195,
                  316,
                  975,
                  316,
                  195,
                  316,
                  1170,
                  316,
                  195,
                  316,
                  1365,
                  316,
                  195,
                  316,
                  1560,
                  316,
                  195,
                  316,
                  1755,
                  316,
                  195,
                  316,
                  0,
                  632,
                  195,
                  316,
                  195,
                  632,
                  195,
                  316,
                  390,
                  632,
                  195,
                  316,
                  585,
                  632,
                  195,
                  316,
                  780,
                  632,
                  195,
                  316,
                  975,
                  632,
                  195,
                  316,
                  1170,
                  632,
                  195,
                  316,
                  1365,
                  632,
                  195,
                  316,
                  1560,
                  632,
                  195,
                  316,
                  1755,
                  632,
                  195,
                  316,
                  0,
                  948,
                  195,
                  316,
                  195,
                  948,
                  195,
                  316,
                ],
              }
            }
            frameRate={30}
            image={
              <img
                src="sleepwalk.png"
              />
            }
            x={0}
            y={0}
          />,
        },
        "ref": null,
        "rendered": Object {
          "instance": null,
          "key": undefined,
          "nodeType": "host",
          "props": Object {
            "animation": "idle",
            "animations": Object {
              "idle": Array [
                0,
                0,
                195,
                316,
                195,
                0,
                195,
                316,
                390,
                0,
                195,
                316,
                585,
                0,
                195,
                316,
                780,
                0,
                195,
                316,
                975,
                0,
                195,
                316,
                1170,
                0,
                195,
                316,
                1365,
                0,
                195,
                316,
                1560,
                0,
                195,
                316,
                1755,
                0,
                195,
                316,
                0,
                316,
                195,
                316,
                195,
                316,
                195,
                316,
                390,
                316,
                195,
                316,
                585,
                316,
                195,
                316,
                780,
                316,
                195,
                316,
                975,
                316,
                195,
                316,
                1170,
                316,
                195,
                316,
                1365,
                316,
                195,
                316,
                1560,
                316,
                195,
                316,
                1755,
                316,
                195,
                316,
                0,
                632,
                195,
                316,
                195,
                632,
                195,
                316,
                390,
                632,
                195,
                316,
                585,
                632,
                195,
                316,
                780,
                632,
                195,
                316,
                975,
                632,
                195,
                316,
                1170,
                632,
                195,
                316,
                1365,
                632,
                195,
                316,
                1560,
                632,
                195,
                316,
                1755,
                632,
                195,
                316,
                0,
                948,
                195,
                316,
                195,
                948,
                195,
                316,
              ],
            },
            "frameRate": 30,
            "image": <img
              src="sleepwalk.png"
            />,
            "x": 0,
            "y": 0,
          },
          "ref": Object {
            "current": null,
          },
          "rendered": null,
          "type": "Sprite",
        },
        "type": "Layer",
      },
      "type": [Function],
    },
  ],
  Symbol(enzyme.__options__): Object {
    "adapter": ReactSixteenAdapter {
      "options": Object {
        "enableComponentDidUpdateOnSetState": true,
        "lifecycles": Object {
          "componentDidUpdate": Object {
            "onSetState": true,
          },
          "getDerivedStateFromProps": true,
          "getSnapshotBeforeUpdate": true,
          "setState": Object {
            "skipsComponentDidUpdateOnNullish": true,
          },
        },
      },
    },
  },
}
`;
